141.8.142.26 - - [05/Mar/2019:10:15:58 +0200] "GET /css/app.f524aa4a.css HTTP/1.1" 200 526 "http://vue-practice.givik.ru/" "Mozilla/5.0 (iPhone; CPU iPhone OS 8_1 like Mac OS X) AppleWebKit/600.1.4 (KHTML, like Gecko) Version/8.0 Mobile/12B411 Safari/600.1.4 (compatible; YandexMobileBot/3.0; +http://yandex.com/bots)"
37.9.113.186 - - [05/Mar/2019:10:15:59 +0200] "GET /css/chunk-vendors.828cfb52.css HTTP/1.1" 200 21326 "http://vue-practice.givik.ru/" "Mozilla/5.0 (iPhone; CPU iPhone OS 8_1 like Mac OS X) AppleWebKit/600.1.4 (KHTML, like Gecko) Version/8.0 Mobile/12B411 Safari/600.1.4 (compatible; YandexMobileBot/3.0; +http://yandex.com/bots)"
37.9.113.186 - - [05/Mar/2019:10:16:39 +0200] "GET / HTTP/1.1" 200 815 "-" "Mozilla/5.0 (iPhone; CPU iPhone OS 8_1 like Mac OS X) AppleWebKit/600.1.4 (KHTML, like Gecko) Version/8.0 Mobile/12B411 Safari/600.1.4 (compatible; YandexMobileBot/3.0; +http://yandex.com/bots)"
37.9.113.134 - - [05/Mar/2019:19:36:51 +0200] "GET /robots.txt HTTP/1.1" 404 511 "-" "Mozilla/5.0 (compatible; YandexBot/3.0; +http://yandex.com/bots)"
37.9.113.134 - - [05/Mar/2019:19:36:55 +0200] "GET / HTTP/1.1" 200 815 "-" "Mozilla/5.0 (compatible; YandexBot/3.0; +http://yandex.com/bots)"
37.9.113.134 - - [07/Mar/2019:02:49:21 +0200] "GET /robots.txt HTTP/1.1" 404 511 "-" "Mozilla/5.0 (compatible; YandexBot/3.0; +http://yandex.com/bots)"
37.9.113.134 - - [07/Mar/2019:02:49:25 +0200] "GET / HTTP/1.1" 200 815 "-" "Mozilla/5.0 (compatible; YandexBot/3.0; +http://yandex.com/bots)"
37.9.113.134 - - [08/Mar/2019:05:57:58 +0200] "GET /robots.txt HTTP/1.1" 404 512 "-" "Mozilla/5.0 (compatible; YandexBot/3.0; +http://yandex.com/bots)"
37.9.113.134 - - [08/Mar/2019:05:58:02 +0200] "GET / HTTP/1.1" 200 814 "-" "Mozilla/5.0 (compatible; YandexBot/3.0; +http://yandex.com/bots)"
141.8.142.26 - - [08/Mar/2019:22:53:27 +0200] "GET /robots.txt HTTP/1.1" 404 512 "-" "Mozilla/5.0 (compatible; YandexBot/3.0; +http://yandex.com/bots)"
141.8.142.26 - - [08/Mar/2019:22:53:31 +0200] "GET / HTTP/1.1" 200 814 "-" "Mozilla/5.0 (compatible; YandexBot/3.0; +http://yandex.com/bots)"
195.135.212.35 - - [09/Mar/2019:00:38:14 +0200] "GET / HTTP/1.1" 200 815 "-" "Mozilla/5.0 (Windows NT 6.2; Win64; x64; rv:65.0) Gecko/20100101 Firefox/65.0"
195.135.212.35 - - [09/Mar/2019:00:38:19 +0200] "GET /favicon.ico HTTP/1.1" 200 1450 "-" "Mozilla/5.0 (Windows NT 6.2; Win64; x64; rv:65.0) Gecko/20100101 Firefox/65.0"
141.8.142.26 - - [09/Mar/2019:23:03:34 +0200] "GET /robots.txt HTTP/1.1" 404 512 "-" "Mozilla/5.0 (compatible; YandexBot/3.0; +http://yandex.com/bots)"
37.9.113.134 - - [09/Mar/2019:23:03:38 +0200] "GET / HTTP/1.1" 200 814 "-" "Mozilla/5.0 (compatible; YandexBot/3.0; +http://yandex.com/bots)"
37.9.113.134 - - [11/Mar/2019:04:00:09 +0200] "GET /robots.txt HTTP/1.1" 404 512 "-" "Mozilla/5.0 (compatible; YandexBot/3.0; +http://yandex.com/bots)"
37.9.113.134 - - [11/Mar/2019:04:00:12 +0200] "GET / HTTP/1.1" 200 814 "-" "Mozilla/5.0 (compatible; YandexBot/3.0; +http://yandex.com/bots)"
37.9.113.134 - - [13/Mar/2019:05:52:32 +0200] "GET /robots.txt HTTP/1.1" 404 512 "-" "Mozilla/5.0 (compatible; YandexBot/3.0; +http://yandex.com/bots)"
141.8.142.26 - - [13/Mar/2019:05:52:35 +0200] "GET / HTTP/1.1" 200 814 "-" "Mozilla/5.0 (compatible; YandexBot/3.0; +http://yandex.com/bots)"
37.9.113.134 - - [15/Mar/2019:00:14:53 +0200] "GET /robots.txt HTTP/1.1" 404 512 "-" "Mozilla/5.0 (compatible; YandexBot/3.0; +http://yandex.com/bots)"
37.9.113.134 - - [15/Mar/2019:00:14:57 +0200] "GET / HTTP/1.1" 200 814 "-" "Mozilla/5.0 (compatible; YandexBot/3.0; +http://yandex.com/bots)"
37.9.113.134 - - [16/Mar/2019:23:02:38 +0200] "GET /robots.txt HTTP/1.1" 404 511 "-" "Mozilla/5.0 (compatible; YandexBot/3.0; +http://yandex.com/bots)"
141.8.142.26 - - [16/Mar/2019:23:02:41 +0200] "GET / HTTP/1.1" 200 814 "-" "Mozilla/5.0 (compatible; YandexBot/3.0; +http://yandex.com/bots)"
37.9.113.134 - - [18/Mar/2019:05:56:32 +0200] "GET /robots.txt HTTP/1.1" 404 511 "-" "Mozilla/5.0 (compatible; YandexBot/3.0; +http://yandex.com/bots)"
141.8.142.26 - - [18/Mar/2019:05:56:36 +0200] "GET / HTTP/1.1" 200 814 "-" "Mozilla/5.0 (compatible; YandexBot/3.0; +http://yandex.com/bots)"
195.135.212.35 - - [19/Mar/2019:14:48:20 +0200] "GET / HTTP/1.1" 200 815 "-" "Mozilla/5.0 (Windows NT 6.2; Win64; x64; rv:65.0) Gecko/20100101 Firefox/65.0"
195.135.212.35 - - [19/Mar/2019:14:48:20 +0200] "GET /favicon.ico HTTP/1.1" 200 1450 "-" "Mozilla/5.0 (Windows NT 6.2; Win64; x64; rv:65.0) Gecko/20100101 Firefox/65.0"
37.9.113.134 - - [20/Mar/2019:00:04:39 +0200] "GET /robots.txt HTTP/1.1" 404 511 "-" "Mozilla/5.0 (compatible; YandexBot/3.0; +http://yandex.com/bots)"
141.8.142.26 - - [20/Mar/2019:00:04:43 +0200] "GET / HTTP/1.1" 200 814 "-" "Mozilla/5.0 (compatible; YandexBot/3.0; +http://yandex.com/bots)"
37.9.113.134 - - [21/Mar/2019:04:15:33 +0200] "GET /robots.txt HTTP/1.1" 404 512 "-" "Mozilla/5.0 (compatible; YandexBot/3.0; +http://yandex.com/bots)"
141.8.142.26 - - [21/Mar/2019:04:15:37 +0200] "GET / HTTP/1.1" 200 814 "-" "Mozilla/5.0 (compatible; YandexBot/3.0; +http://yandex.com/bots)"
141.8.142.26 - - [22/Mar/2019:22:55:57 +0200] "GET /robots.txt HTTP/1.1" 404 512 "-" "Mozilla/5.0 (compatible; YandexBot/3.0; +http://yandex.com/bots)"
37.9.113.134 - - [22/Mar/2019:22:56:01 +0200] "GET / HTTP/1.1" 200 814 "-" "Mozilla/5.0 (compatible; YandexBot/3.0; +http://yandex.com/bots)"
37.9.113.134 - - [24/Mar/2019:05:39:08 +0200] "GET /robots.txt HTTP/1.1" 404 511 "-" "Mozilla/5.0 (compatible; YandexBot/3.0; +http://yandex.com/bots)"
37.9.113.186 - - [24/Mar/2019:05:39:12 +0200] "GET / HTTP/1.1" 200 814 "-" "Mozilla/5.0 (compatible; YandexBot/3.0; +http://yandex.com/bots)"
37.9.113.134 - - [26/Mar/2019:02:46:04 +0200] "GET /robots.txt HTTP/1.1" 404 512 "-" "Mozilla/5.0 (compatible; YandexBot/3.0; +http://yandex.com/bots)"
37.9.113.134 - - [26/Mar/2019:02:46:08 +0200] "GET / HTTP/1.1" 200 814 "-" "Mozilla/5.0 (compatible; YandexBot/3.0; +http://yandex.com/bots)"
176.193.98.117 - - [26/Mar/2019:12:59:01 +0200] "GET / HTTP/1.1" 200 815 "https://yandex.ru/clck/jsredir?from=yandex.ru%3Bsearch%3Bweb%3B%3B&text=&etext=2104.wnrz_HGFhEd7j2gFnxicPbzLGAi-Jyg7CV404r6KFLGZA--FyU3Q3s12Ad5iQC8f.53bce0f966d9c84c87ca182e419437f8f8336e5e&uuid=&state=_BLhILn4SxNIvvL0W45KSic66uCIg23qh8iRG98qeIXmeppkgUc0YGHEttDsYq_w3pSJtejupWg&data=UlNrNmk5WktYejR0eWJFYk1Ldmtxc0dQMzJsZVBOanZJeEtJTjhQbVZJYkxUclNVSjJPVi1SQ0hRdnNIN3FCVUN4X0VYRVF1UGFHeGVCQjBXOGt2REgtQUFIZHpTQWV3aUY4WkswYWxWdkk&b64e=2&sign=35a62ecf42ffe6bb64a33f831ace6301&keyno=0&cst=AiuY0DBWFJ7IXge4WdYJQYP93XfrtkbaZZSFa1JLmd68ywAHP9sTWSQuk6o9vdyDLBV26JQ1oAw6HN6sjip2Qcozui6B_U5uu1LWd34aR001tHJ8t_KzpfGWv24GgulEelgdHESFOZEtFm5NYXN5bh4auWP2sd3H&ref=orjY4mGPRjk5boDnW0uvlrrd71vZw9kp5uQozpMtKCV-HtQ36UFK050J8hk1Vnqu62Ft48TOF2WGHIPMKyyoRrS2JnRUIbAE0-6Y8loVWMmxAPeJR_gHpM6K8yMeAIge&l10n=ru&cts=1553592720616&mc=5.44633763679" "Mozilla/5.0 (compatible; MSIE 10.0; Windows NT 6.2; Trident/6.0; Touch; MASMJS)"
176.193.98.117 - - [26/Mar/2019:12:59:02 +0200] "GET /css/chunk-vendors.828cfb52.css HTTP/1.1" 200 21325 "http://vue-practice.givik.ru/" "Mozilla/5.0 (compatible; MSIE 10.0; Windows NT 6.2; Trident/6.0; Touch; MASMJS)"
176.193.98.117 - - [26/Mar/2019:12:59:02 +0200] "GET /css/app.f524aa4a.css HTTP/1.1" 200 527 "http://vue-practice.givik.ru/" "Mozilla/5.0 (compatible; MSIE 10.0; Windows NT 6.2; Trident/6.0; Touch; MASMJS)"
176.193.98.117 - - [26/Mar/2019:12:59:02 +0200] "GET /js/app.cea019e5.js HTTP/1.1" 200 7833 "http://vue-practice.givik.ru/" "Mozilla/5.0 (compatible; MSIE 10.0; Windows NT 6.2; Trident/6.0; Touch; MASMJS)"
176.193.98.117 - - [26/Mar/2019:12:59:02 +0200] "GET /js/chunk-vendors.98270962.js HTTP/1.1" 200 216863 "http://vue-practice.givik.ru/" "Mozilla/5.0 (compatible; MSIE 10.0; Windows NT 6.2; Trident/6.0; Touch; MASMJS)"
37.9.113.186 - - [27/Mar/2019:00:05:47 +0200] "GET /robots.txt HTTP/1.1" 404 512 "-" "Mozilla/5.0 (compatible; YandexBot/3.0; +http://yandex.com/bots)"
141.8.142.85 - - [27/Mar/2019:00:05:51 +0200] "GET / HTTP/1.1" 200 815 "-" "Mozilla/5.0 (compatible; YandexBot/3.0; +http://yandex.com/bots)"
195.135.212.35 - - [27/Mar/2019:10:19:54 +0200] "GET / HTTP/1.1" 200 815 "-" "Mozilla/5.0 (Windows NT 6.2; Win64; x64; rv:66.0) Gecko/20100101 Firefox/66.0"
195.135.212.35 - - [27/Mar/2019:10:19:55 +0200] "GET /favicon.ico HTTP/1.1" 200 1450 "-" "Mozilla/5.0 (Windows NT 6.2; Win64; x64; rv:66.0) Gecko/20100101 Firefox/66.0"
37.9.113.134 - - [27/Mar/2019:17:26:36 +0200] "GET /robots.txt HTTP/1.1" 404 512 "-" "Mozilla/5.0 (compatible; YandexBot/3.0; +http://yandex.com/bots)"
37.9.113.134 - - [27/Mar/2019:17:26:40 +0200] "GET / HTTP/1.1" 200 814 "-" "Mozilla/5.0 (compatible; YandexBot/3.0; +http://yandex.com/bots)"
37.9.113.134 - - [28/Mar/2019:14:37:07 +0200] "GET /robots.txt HTTP/1.1" 404 512 "-" "Mozilla/5.0 (compatible; YandexBot/3.0; +http://yandex.com/bots)"
141.8.142.26 - - [28/Mar/2019:14:37:11 +0200] "GET / HTTP/1.1" 200 814 "-" "Mozilla/5.0 (compatible; YandexBot/3.0; +http://yandex.com/bots)"
37.9.113.134 - - [29/Mar/2019:22:13:55 +0200] "GET /robots.txt HTTP/1.1" 404 512 "-" "Mozilla/5.0 (compatible; YandexBot/3.0; +http://yandex.com/bots)"
37.9.113.134 - - [29/Mar/2019:22:13:59 +0200] "GET / HTTP/1.1" 200 814 "-" "Mozilla/5.0 (compatible; YandexBot/3.0; +http://yandex.com/bots)"
195.135.212.35 - - [29/Mar/2019:23:09:14 +0200] "GET /css/app.f524aa4a.css HTTP/1.1" 200 527 "http://vue-practice.givik.ru/" "Mozilla/5.0 (Windows NT 10.0; Win64; x64) AppleWebKit/537.36 (KHTML, like Gecko) Chrome/72.0.3626.121 Safari/537.36"
195.135.212.35 - - [29/Mar/2019:23:09:14 +0200] "GET /css/chunk-vendors.828cfb52.css HTTP/1.1" 200 21326 "http://vue-practice.givik.ru/" "Mozilla/5.0 (Windows NT 10.0; Win64; x64) AppleWebKit/537.36 (KHTML, like Gecko) Chrome/72.0.3626.121 Safari/537.36"
195.135.212.35 - - [29/Mar/2019:23:09:14 +0200] "GET /js/app.cea019e5.js HTTP/1.1" 200 7833 "http://vue-practice.givik.ru/" "Mozilla/5.0 (Windows NT 10.0; Win64; x64) AppleWebKit/537.36 (KHTML, like Gecko) Chrome/72.0.3626.121 Safari/537.36"
195.135.212.35 - - [29/Mar/2019:23:09:14 +0200] "GET /js/chunk-vendors.98270962.js HTTP/1.1" 200 216863 "http://vue-practice.givik.ru/" "Mozilla/5.0 (Windows NT 10.0; Win64; x64) AppleWebKit/537.36 (KHTML, like Gecko) Chrome/72.0.3626.121 Safari/537.36"
37.9.113.134 - - [31/Mar/2019:06:54:35 +0200] "GET /robots.txt HTTP/1.1" 404 512 "-" "Mozilla/5.0 (compatible; YandexBot/3.0; +http://yandex.com/bots)"
37.9.113.134 - - [31/Mar/2019:06:54:39 +0200] "GET / HTTP/1.1" 200 814 "-" "Mozilla/5.0 (compatible; YandexBot/3.0; +http://yandex.com/bots)"
141.8.142.26 - - [31/Mar/2019:19:43:57 +0200] "GET /robots.txt HTTP/1.1" 404 512 "-" "Mozilla/5.0 (compatible; YandexBot/3.0; +http://yandex.com/bots)"
37.9.113.134 - - [31/Mar/2019:19:44:01 +0200] "GET / HTTP/1.1" 200 814 "-" "Mozilla/5.0 (compatible; YandexBot/3.0; +http://yandex.com/bots)"
37.9.113.134 - - [01/Apr/2019:23:47:03 +0200] "GET /robots.txt HTTP/1.1" 404 512 "-" "Mozilla/5.0 (compatible; YandexBot/3.0; +http://yandex.com/bots)"
37.9.113.134 - - [01/Apr/2019:23:47:06 +0200] "GET / HTTP/1.1" 200 814 "-" "Mozilla/5.0 (compatible; YandexBot/3.0; +http://yandex.com/bots)"
46.242.32.245 - - [02/Apr/2019:00:38:43 +0200] "GET / HTTP/1.1" 200 815 "https://yandex.ru/clck/jsredir?from=yandex.ru%3Bsearch%3Bweb%3B%3B&text=&etext=2110._1zNSo8fNc7qXHvQlv8Rvmsz3271DObwxzF0O1INfqIYMbqt-Wl0jkKHfIk3PX9F.2f84060916a42b37e4a0a5f3b986803bf3ab276e&uuid=&state=_BLhILn4SxNIvvL0W45KSic66uCIg23qh8iRG98qeIXmeppkgUc0YD4hgzqAYr5iuWBiLZQy-rY&data=UlNrNmk5WktYejR0eWJFYk1Ldmtxc0dQMzJsZVBOanZJeEtJTjhQbVZJYkxUclNVSjJPVi1SQ0hRdnNIN3FCVTlKYjBBV2taSEF6Mks0OF9pOEZ6OXA1b0ZZZFRlNmIxb19JR0NRN0ZrZDA&b64e=2&sign=b93c74b46961673faa0cccf8b17c61f5&keyno=0&cst=AiuY0DBWFJ7IXge4WdYJQaYgAYq7JarriQHKbYCmgohATy4dUNf1_D0V5A4kLf_-jlbpYGRpbGOnQUlCfv1YgGefudzxtWk_QP46LjBE50lAzctC5MdtoQheo8P4-OHAugM8ygJJZSM9fSJYNG71ePHGUpQA2kMu&ref=orjY4mGPRjk5boDnW0uvlrrd71vZw9kp5uQozpMtKCXmyCrj7VrKuK2tam2NWyWP7yCbHmqso8RzY1oYjlxOVzuz-8WxJhWmzgwY0bzd_GiYafYQnNxIiwr_wJjXWi0_&l10n=ru&cts=1554153838512&mc=5.89049400132" "Mozilla/5.0 (compatible; MSIE 10.0; Windows NT 6.2; Trident/6.0; MASBJS)"
46.242.32.245 - - [02/Apr/2019:00:38:43 +0200] "GET /css/chunk-vendors.828cfb52.css HTTP/1.1" 200 21325 "http://vue-practice.givik.ru/" "Mozilla/5.0 (compatible; MSIE 10.0; Windows NT 6.2; Trident/6.0; MASBJS)"
46.242.32.245 - - [02/Apr/2019:00:38:43 +0200] "GET /js/app.cea019e5.js HTTP/1.1" 200 7833 "http://vue-practice.givik.ru/" "Mozilla/5.0 (compatible; MSIE 10.0; Windows NT 6.2; Trident/6.0; MASBJS)"
46.242.32.245 - - [02/Apr/2019:00:38:43 +0200] "GET /css/app.f524aa4a.css HTTP/1.1" 200 527 "http://vue-practice.givik.ru/" "Mozilla/5.0 (compatible; MSIE 10.0; Windows NT 6.2; Trident/6.0; MASBJS)"
46.242.32.245 - - [02/Apr/2019:00:38:43 +0200] "GET /js/chunk-vendors.98270962.js HTTP/1.1" 200 216863 "http://vue-practice.givik.ru/" "Mozilla/5.0 (compatible; MSIE 10.0; Windows NT 6.2; Trident/6.0; MASBJS)"
141.8.142.26 - - [02/Apr/2019:13:03:45 +0200] "GET /robots.txt HTTP/1.1" 404 512 "-" "Mozilla/5.0 (compatible; YandexBot/3.0; +http://yandex.com/bots)"
37.9.113.134 - - [02/Apr/2019:13:03:49 +0200] "GET / HTTP/1.1" 200 814 "-" "Mozilla/5.0 (compatible; YandexBot/3.0; +http://yandex.com/bots)"
37.9.113.134 - - [04/Apr/2019:02:12:51 +0200] "GET /robots.txt HTTP/1.1" 404 512 "-" "Mozilla/5.0 (compatible; YandexBot/3.0; +http://yandex.com/bots)"
37.9.113.134 - - [04/Apr/2019:02:12:55 +0200] "GET / HTTP/1.1" 200 814 "-" "Mozilla/5.0 (compatible; YandexBot/3.0; +http://yandex.com/bots)"
141.8.142.26 - - [05/Apr/2019:08:41:21 +0200] "GET /robots.txt HTTP/1.1" 404 512 "-" "Mozilla/5.0 (compatible; YandexBot/3.0; +http://yandex.com/bots)"
37.9.113.134 - - [05/Apr/2019:08:42:01 +0200] "GET / HTTP/1.1" 200 815 "-" "Mozilla/5.0 (compatible; YandexBot/3.0; +http://yandex.com/bots)"
195.135.212.35 - - [05/Apr/2019:18:45:17 +0200] "GET / HTTP/1.1" 200 815 "-" "Mozilla/5.0 (Windows NT 6.2; Win64; x64; rv:66.0) Gecko/20100101 Firefox/66.0"
195.135.212.35 - - [05/Apr/2019:18:45:17 +0200] "GET /favicon.ico HTTP/1.1" 200 1450 "-" "Mozilla/5.0 (Windows NT 6.2; Win64; x64; rv:66.0) Gecko/20100101 Firefox/66.0"
37.9.113.134 - - [09/Apr/2019:02:27:22 +0200] "GET /robots.txt HTTP/1.1" 404 511 "-" "Mozilla/5.0 (compatible; YandexBot/3.0; +http://yandex.com/bots)"
37.9.113.134 - - [09/Apr/2019:02:27:26 +0200] "GET / HTTP/1.1" 200 815 "-" "Mozilla/5.0 (compatible; YandexBot/3.0; +http://yandex.com/bots)"
141.8.142.26 - - [10/Apr/2019:00:03:57 +0200] "GET /robots.txt HTTP/1.1" 404 511 "-" "Mozilla/5.0 (compatible; YandexBot/3.0; +http://yandex.com/bots)"
141.8.142.26 - - [10/Apr/2019:00:04:01 +0200] "GET / HTTP/1.1" 200 814 "-" "Mozilla/5.0 (compatible; YandexBot/3.0; +http://yandex.com/bots)"
195.135.212.35 - - [10/Apr/2019:14:39:46 +0200] "GET / HTTP/1.1" 200 815 "-" "Mozilla/5.0 (Windows NT 6.2; Win64; x64; rv:66.0) Gecko/20100101 Firefox/66.0"
141.8.142.26 - - [11/Apr/2019:04:22:26 +0200] "GET /robots.txt HTTP/1.1" 404 512 "-" "Mozilla/5.0 (compatible; YandexBot/3.0; +http://yandex.com/bots)"
37.9.113.134 - - [11/Apr/2019:04:22:30 +0200] "GET / HTTP/1.1" 200 814 "-" "Mozilla/5.0 (compatible; YandexBot/3.0; +http://yandex.com/bots)"
141.8.142.26 - - [12/Apr/2019:01:29:41 +0200] "GET /robots.txt HTTP/1.1" 404 512 "-" "Mozilla/5.0 (compatible; YandexBot/3.0; +http://yandex.com/bots)"
87.250.224.71 - - [12/Apr/2019:01:29:45 +0200] "GET / HTTP/1.1" 200 815 "-" "Mozilla/5.0 (compatible; YandexBot/3.0; +http://yandex.com/bots)"
37.9.113.134 - - [13/Apr/2019:05:34:16 +0200] "GET /robots.txt HTTP/1.1" 404 512 "-" "Mozilla/5.0 (compatible; YandexBot/3.0; +http://yandex.com/bots)"
37.9.113.134 - - [13/Apr/2019:05:34:20 +0200] "GET / HTTP/1.1" 200 814 "-" "Mozilla/5.0 (compatible; YandexBot/3.0; +http://yandex.com/bots)"
195.135.212.35 - - [13/Apr/2019:14:11:52 +0200] "GET /favicon.ico HTTP/1.1" 200 1451 "-" "Mozilla/5.0 (Windows NT 6.2; Win64; x64; rv:66.0) Gecko/20100101 Firefox/66.0"
37.9.113.134 - - [15/Apr/2019:10:20:18 +0200] "GET /robots.txt HTTP/1.1" 404 512 "-" "Mozilla/5.0 (compatible; YandexBot/3.0; +http://yandex.com/bots)"
37.9.113.134 - - [15/Apr/2019:10:20:22 +0200] "GET / HTTP/1.1" 200 814 "-" "Mozilla/5.0 (compatible; YandexBot/3.0; +http://yandex.com/bots)"
195.135.212.35 - - [15/Apr/2019:20:06:29 +0200] "GET / HTTP/1.1" 200 815 "-" "Mozilla/5.0 (Windows NT 6.2; Win64; x64; rv:66.0) Gecko/20100101 Firefox/66.0"
209.17.97.34 - - [16/Apr/2019:05:11:58 +0200] "GET / HTTP/1.1" 200 1277 "-" "Mozilla/5.0 (compatible; Nimbostratus-Bot/v1.3.2; http://cloudsystemnetworks.com)"
37.9.113.134 - - [17/Apr/2019:01:54:51 +0200] "GET /robots.txt HTTP/1.1" 404 512 "-" "Mozilla/5.0 (compatible; YandexBot/3.0; +http://yandex.com/bots)"
141.8.142.26 - - [17/Apr/2019:01:54:55 +0200] "GET / HTTP/1.1" 200 815 "-" "Mozilla/5.0 (compatible; YandexBot/3.0; +http://yandex.com/bots)"
37.9.113.134 - - [17/Apr/2019:22:46:58 +0200] "GET /robots.txt HTTP/1.1" 404 512 "-" "Mozilla/5.0 (compatible; YandexBot/3.0; +http://yandex.com/bots)"
37.9.113.134 - - [17/Apr/2019:22:47:02 +0200] "GET / HTTP/1.1" 200 814 "-" "Mozilla/5.0 (compatible; YandexBot/3.0; +http://yandex.com/bots)"
195.135.212.35 - - [18/Apr/2019:20:47:58 +0200] "GET / HTTP/1.1" 200 815 "-" "Mozilla/5.0 (Windows NT 6.2; Win64; x64; rv:66.0) Gecko/20100101 Firefox/66.0"
141.8.142.26 - - [20/Apr/2019:02:43:39 +0200] "GET /robots.txt HTTP/1.1" 404 512 "-" "Mozilla/5.0 (compatible; YandexBot/3.0; +http://yandex.com/bots)"
37.9.113.134 - - [20/Apr/2019:02:43:43 +0200] "GET / HTTP/1.1" 200 814 "-" "Mozilla/5.0 (compatible; YandexBot/3.0; +http://yandex.com/bots)"
195.135.212.35 - - [20/Apr/2019:22:18:08 +0200] "GET /favicon.ico HTTP/1.1" 200 1451 "-" "Mozilla/5.0 (Windows NT 6.2; Win64; x64; rv:66.0) Gecko/20100101 Firefox/66.0"
141.8.142.26 - - [21/Apr/2019:03:43:39 +0200] "GET /robots.txt HTTP/1.1" 404 512 "-" "Mozilla/5.0 (compatible; YandexBot/3.0; +http://yandex.com/bots)"
141.8.142.26 - - [21/Apr/2019:03:43:43 +0200] "GET / HTTP/1.1" 200 814 "-" "Mozilla/5.0 (compatible; YandexBot/3.0; +http://yandex.com/bots)"
95.24.21.76 - - [21/Apr/2019:12:06:31 +0200] "GET / HTTP/1.1" 200 815 "https://yandex.ru/clck/jsredir?from=yandex.ru%3Bsearch%3Bweb%3B%3B&text=&etext=2130.jj4ZOtruaa3BLMeTzc2JCOqM6rPRZVsPkI1tgEXf30sHoeYQgBouvnDdpKZiGxFE.adee58dc43007960385c2a6e727b71e9b6d7090a&uuid=&state=_BLhILn4SxNIvvL0W45KSic66uCIg23qh8iRG98qeIXmeppkgUc0YGv9iZwKiy-E54GYiollMFA&data=UlNrNmk5WktYejR0eWJFYk1Ldmtxc0dQMzJsZVBOanZJeEtJTjhQbVZJYkxUclNVSjJPVi1SQ0hRdnNIN3FCVW9GQTN1REh6Tl9Ebk0yVmxicmlIZDFkdnRGX2NuQm8tZWpycWd3bDZ6TXc&b64e=2&sign=40999e1f577e7c58a94c9bd84bc72ecf&keyno=0&cst=AiuY0DBWFJ7IXge4WdYJQaYgAYq7JarrPgDMCXzp9M7eTFYKsgMPJYFhzfk0rNJjplP9rac7cgNJ6QBFbqn3XfKfGEjEb7uWSddXyHfqugHJvYFfyP89NP7eM12FuuWTJ6TlqljJEZelsp8TXHUyjN34J-bq54eY&ref=orjY4mGPRjk5boDnW0uvlrrd71vZw9kp5uQozpMtKCXN8sJ9bCiuTvNpOY1L7LBmuScngNgMXIpvr6WWROyfeKdKxnxgtrWj01y__CyZbJ24r6fKpJ4dwdamaMIYDVV-&l10n=ru&cts=1555837372707&mc=4.54859462067" "Mozilla/5.0 (compatible; MSIE 10.0; Windows NT 6.2; WOW64; Trident/6.0; Touch; MAARJS)"
95.24.21.76 - - [21/Apr/2019:12:06:32 +0200] "GET /css/chunk-vendors.828cfb52.css HTTP/1.1" 200 21325 "http://vue-practice.givik.ru/" "Mozilla/5.0 (compatible; MSIE 10.0; Windows NT 6.2; WOW64; Trident/6.0; Touch; MAARJS)"
95.24.21.76 - - [21/Apr/2019:12:06:32 +0200] "GET /css/app.f524aa4a.css HTTP/1.1" 200 527 "http://vue-practice.givik.ru/" "Mozilla/5.0 (compatible; MSIE 10.0; Windows NT 6.2; WOW64; Trident/6.0; Touch; MAARJS)"
95.24.21.76 - - [21/Apr/2019:12:06:32 +0200] "GET /js/app.cea019e5.js HTTP/1.1" 200 7833 "http://vue-practice.givik.ru/" "Mozilla/5.0 (compatible; MSIE 10.0; Windows NT 6.2; WOW64; Trident/6.0; Touch; MAARJS)"
95.24.21.76 - - [21/Apr/2019:12:06:32 +0200] "GET /js/chunk-vendors.98270962.js HTTP/1.1" 200 216863 "http://vue-practice.givik.ru/" "Mozilla/5.0 (compatible; MSIE 10.0; Windows NT 6.2; WOW64; Trident/6.0; Touch; MAARJS)"
195.135.212.35 - - [21/Apr/2019:22:18:09 +0200] "GET / HTTP/1.1" 200 815 "-" "Mozilla/5.0 (Windows NT 6.2; Win64; x64; rv:66.0) Gecko/20100101 Firefox/66.0"
37.9.113.134 - - [22/Apr/2019:09:31:34 +0200] "GET /robots.txt HTTP/1.1" 404 512 "-" "Mozilla/5.0 (compatible; YandexBot/3.0; +http://yandex.com/bots)"
37.9.113.134 - - [22/Apr/2019:09:31:38 +0200] "GET / HTTP/1.1" 200 814 "-" "Mozilla/5.0 (compatible; YandexBot/3.0; +http://yandex.com/bots)"
195.135.212.35 - - [24/Apr/2019:14:47:28 +0200] "GET /favicon.ico HTTP/1.1" 200 1451 "-" "Mozilla/5.0 (Windows NT 6.2; Win64; x64; rv:66.0) Gecko/20100101 Firefox/66.0"
141.8.142.26 - - [24/Apr/2019:18:34:40 +0200] "GET /robots.txt HTTP/1.1" 404 512 "-" "Mozilla/5.0 (compatible; YandexBot/3.0; +http://yandex.com/bots)"
141.8.142.26 - - [24/Apr/2019:18:34:43 +0200] "GET / HTTP/1.1" 200 814 "-" "Mozilla/5.0 (compatible; YandexBot/3.0; +http://yandex.com/bots)"
195.135.212.35 - - [25/Apr/2019:12:05:32 +0200] "GET / HTTP/1.1" 200 815 "-" "Mozilla/5.0 (Windows NT 6.2; Win64; x64; rv:66.0) Gecko/20100101 Firefox/66.0"
37.9.113.134 - - [25/Apr/2019:18:13:35 +0200] "GET /robots.txt HTTP/1.1" 404 512 "-" "Mozilla/5.0 (compatible; YandexBot/3.0; +http://yandex.com/bots)"
37.9.113.186 - - [25/Apr/2019:18:13:39 +0200] "GET / HTTP/1.1" 200 815 "-" "Mozilla/5.0 (compatible; YandexBot/3.0; +http://yandex.com/bots)"
37.9.113.134 - - [26/Apr/2019:04:56:19 +0200] "GET /robots.txt HTTP/1.1" 404 512 "-" "Mozilla/5.0 (compatible; YandexBot/3.0; +http://yandex.com/bots)"
141.8.142.26 - - [26/Apr/2019:04:56:23 +0200] "GET / HTTP/1.1" 200 814 "-" "Mozilla/5.0 (compatible; YandexBot/3.0; +http://yandex.com/bots)"
37.9.113.134 - - [27/Apr/2019:04:31:50 +0200] "GET /robots.txt HTTP/1.1" 404 512 "-" "Mozilla/5.0 (compatible; YandexBot/3.0; +http://yandex.com/bots)"
37.9.113.134 - - [27/Apr/2019:04:31:54 +0200] "GET / HTTP/1.1" 200 814 "-" "Mozilla/5.0 (compatible; YandexBot/3.0; +http://yandex.com/bots)"
37.9.113.134 - - [28/Apr/2019:10:22:19 +0200] "GET /robots.txt HTTP/1.1" 404 512 "-" "Mozilla/5.0 (compatible; YandexBot/3.0; +http://yandex.com/bots)"
37.9.113.186 - - [28/Apr/2019:10:22:23 +0200] "GET / HTTP/1.1" 200 815 "-" "Mozilla/5.0 (compatible; YandexBot/3.0; +http://yandex.com/bots)"
195.135.212.35 - - [28/Apr/2019:16:25:12 +0200] "GET / HTTP/1.1" 200 815 "-" "Mozilla/5.0 (Windows NT 6.2; Win64; x64; rv:66.0) Gecko/20100101 Firefox/66.0"
195.135.212.35 - - [28/Apr/2019:16:25:12 +0200] "GET /favicon.ico HTTP/1.1" 304 180 "-" "Mozilla/5.0 (Windows NT 6.2; Win64; x64; rv:66.0) Gecko/20100101 Firefox/66.0"
141.8.142.26 - - [29/Apr/2019:09:50:46 +0200] "GET /robots.txt HTTP/1.1" 404 512 "-" "Mozilla/5.0 (compatible; YandexBot/3.0; +http://yandex.com/bots)"
37.9.113.134 - - [29/Apr/2019:09:50:50 +0200] "GET / HTTP/1.1" 200 814 "-" "Mozilla/5.0 (compatible; YandexBot/3.0; +http://yandex.com/bots)"
195.135.212.35 - - [01/May/2019:16:25:17 +0200] "GET / HTTP/1.1" 200 815 "-" "Mozilla/5.0 (Windows NT 6.2; Win64; x64; rv:66.0) Gecko/20100101 Firefox/66.0"
141.8.142.26 - - [01/May/2019:19:55:27 +0200] "GET /robots.txt HTTP/1.1" 404 512 "-" "Mozilla/5.0 (compatible; YandexBot/3.0; +http://yandex.com/bots)"
37.9.113.134 - - [01/May/2019:19:55:31 +0200] "GET / HTTP/1.1" 200 814 "-" "Mozilla/5.0 (compatible; YandexBot/3.0; +http://yandex.com/bots)"
37.9.113.186 - - [04/May/2019:07:13:26 +0200] "GET /robots.txt HTTP/1.1" 404 512 "-" "Mozilla/5.0 (compatible; YandexBot/3.0; +http://yandex.com/bots)"
37.9.113.134 - - [04/May/2019:07:13:30 +0200] "GET / HTTP/1.1" 200 815 "-" "Mozilla/5.0 (compatible; YandexBot/3.0; +http://yandex.com/bots)"
195.135.212.35 - - [04/May/2019:19:58:44 +0200] "GET / HTTP/1.1" 200 815 "-" "Mozilla/5.0 (Windows NT 6.2; Win64; x64; rv:66.0) Gecko/20100101 Firefox/66.0"
128.72.159.196 - - [05/May/2019:09:42:13 +0200] "GET / HTTP/1.1" 200 815 "https://yandex.ru/clck/jsredir?from=yandex.ru%3Bsearch%3Bweb%3B%3B&text=&etext=2144.ZE3KmrzqRYN8R0gOUHxABHZgpZBh304mdT0-7raCrmVpODfLNbOUaPGBmbESpToF.44f7c6b28f6dc933879c2547b2aae03600c28268&uuid=&state=_BLhILn4SxNIvvL0W45KSic66uCIg23qh8iRG98qeIXmeppkgUc0YM1sNxN_KHOPADPyHdOKa1Y&data=UlNrNmk5WktYejR0eWJFYk1Ldmtxc0dQMzJsZVBOanZJeEtJTjhQbVZJYkxUclNVSjJPVi1SQ0hRdnNIN3FCVWVVeEp6bWsyQ21CMzNmRF9LaDFKaVlBdkVTLXFqb0prWWl0Mjc4UXF6M1E&b64e=2&sign=d7c9b97a95eac1912e0103552f708f1d&keyno=0&cst=AiuY0DBWFJ7IXge4WdYJQaYgAYq7Jarrs-GXMxm7TTso9J-vSfRF50ByizEkrwIT6UgxKsuuyXts_mV16pK_e-zpv0SQmPp1k8-dzpDy-JeOVqlE0SpmWRoCXfna6_H-x5DsEoCiGRK12PW6e9lNYCXDmvUyy8G3&ref=orjY4mGPRjk5boDnW0uvlrrd71vZw9kp5uQozpMtKCXI93BWaxlHTqJB-7NKydr5KQ-xDldAyQI5hRFR3eFztXm3YzqRFpbgjwETrtBglOqACcbsuCvTf2GJIsvbMDrF&l10n=ru&cts=1557037887390&mc=5.9936975509" "Mozilla/5.0 (compatible; MSIE 10.0; Windows NT 6.1; Trident/6.0; MASPJS)"
128.72.159.196 - - [05/May/2019:09:42:13 +0200] "GET /css/chunk-vendors.828cfb52.css HTTP/1.1" 200 21325 "http://vue-practice.givik.ru/" "Mozilla/5.0 (compatible; MSIE 10.0; Windows NT 6.1; Trident/6.0; MASPJS)"
128.72.159.196 - - [05/May/2019:09:42:13 +0200] "GET /css/app.f524aa4a.css HTTP/1.1" 200 527 "http://vue-practice.givik.ru/" "Mozilla/5.0 (compatible; MSIE 10.0; Windows NT 6.1; Trident/6.0; MASPJS)"
128.72.159.196 - - [05/May/2019:09:42:13 +0200] "GET /js/app.cea019e5.js HTTP/1.1" 200 7833 "http://vue-practice.givik.ru/" "Mozilla/5.0 (compatible; MSIE 10.0; Windows NT 6.1; Trident/6.0; MASPJS)"
128.72.159.196 - - [05/May/2019:09:42:13 +0200] "GET /js/chunk-vendors.98270962.js HTTP/1.1" 200 216863 "http://vue-practice.givik.ru/" "Mozilla/5.0 (compatible; MSIE 10.0; Windows NT 6.1; Trident/6.0; MASPJS)"
195.135.212.35 - - [05/May/2019:19:45:03 +0200] "GET / HTTP/1.1" 200 815 "-" "Mozilla/5.0 (Windows NT 6.3; Win64; x64) AppleWebKit/537.36 (KHTML, like Gecko) Chrome/73.0.3683.103 Safari/537.36"
195.135.212.35 - - [05/May/2019:19:45:10 +0200] "GET /js/app.cea019e5.js HTTP/1.1" 200 7833 "http://vue-practice.givik.ru/" "Mozilla/5.0 (Windows NT 6.3; Win64; x64) AppleWebKit/537.36 (KHTML, like Gecko) Chrome/73.0.3683.103 Safari/537.36"
195.135.212.35 - - [05/May/2019:19:45:10 +0200] "GET /css/app.f524aa4a.css HTTP/1.1" 200 527 "http://vue-practice.givik.ru/" "Mozilla/5.0 (Windows NT 6.3; Win64; x64) AppleWebKit/537.36 (KHTML, like Gecko) Chrome/73.0.3683.103 Safari/537.36"
195.135.212.35 - - [05/May/2019:19:45:10 +0200] "GET /css/chunk-vendors.828cfb52.css HTTP/1.1" 200 21326 "http://vue-practice.givik.ru/" "Mozilla/5.0 (Windows NT 6.3; Win64; x64) AppleWebKit/537.36 (KHTML, like Gecko) Chrome/73.0.3683.103 Safari/537.36"
195.135.212.35 - - [05/May/2019:19:45:10 +0200] "GET /js/chunk-vendors.98270962.js HTTP/1.1" 200 216863 "http://vue-practice.givik.ru/" "Mozilla/5.0 (Windows NT 6.3; Win64; x64) AppleWebKit/537.36 (KHTML, like Gecko) Chrome/73.0.3683.103 Safari/537.36"
195.135.212.35 - - [05/May/2019:19:45:11 +0200] "GET /favicon.ico HTTP/1.1" 200 1450 "http://vue-practice.givik.ru/" "Mozilla/5.0 (Windows NT 6.3; Win64; x64) AppleWebKit/537.36 (KHTML, like Gecko) Chrome/73.0.3683.103 Safari/537.36"
37.9.113.134 - - [05/May/2019:21:48:20 +0200] "GET /robots.txt HTTP/1.1" 404 512 "-" "Mozilla/5.0 (compatible; YandexBot/3.0; +http://yandex.com/bots)"
37.9.113.134 - - [05/May/2019:21:48:24 +0200] "GET / HTTP/1.1" 200 814 "-" "Mozilla/5.0 (compatible; YandexBot/3.0; +http://yandex.com/bots)"
209.17.96.34 - - [07/May/2019:01:24:19 +0200] "GET / HTTP/1.1" 200 1277 "-" "Mozilla/5.0 (compatible; Nimbostratus-Bot/v1.3.2; http://cloudsystemnetworks.com)"
37.9.113.134 - - [07/May/2019:12:35:19 +0200] "GET /robots.txt HTTP/1.1" 404 511 "-" "Mozilla/5.0 (compatible; YandexBot/3.0; +http://yandex.com/bots)"
141.8.142.26 - - [07/May/2019:12:35:23 +0200] "GET / HTTP/1.1" 200 814 "-" "Mozilla/5.0 (compatible; YandexBot/3.0; +http://yandex.com/bots)"
141.8.142.26 - - [08/May/2019:06:18:42 +0200] "GET /robots.txt HTTP/1.1" 404 512 "-" "Mozilla/5.0 (compatible; YandexBot/3.0; +http://yandex.com/bots)"
141.8.142.26 - - [08/May/2019:06:18:46 +0200] "GET / HTTP/1.1" 200 814 "-" "Mozilla/5.0 (compatible; YandexBot/3.0; +http://yandex.com/bots)"
37.9.113.134 - - [09/May/2019:10:03:10 +0200] "GET /robots.txt HTTP/1.1" 404 511 "-" "Mozilla/5.0 (compatible; YandexBot/3.0; +http://yandex.com/bots)"
141.8.142.26 - - [09/May/2019:10:03:14 +0200] "GET / HTTP/1.1" 200 815 "-" "Mozilla/5.0 (compatible; YandexBot/3.0; +http://yandex.com/bots)"
37.9.113.134 - - [11/May/2019:08:40:35 +0200] "GET /robots.txt HTTP/1.1" 404 511 "-" "Mozilla/5.0 (compatible; YandexBot/3.0; +http://yandex.com/bots)"
37.9.113.134 - - [11/May/2019:08:40:39 +0200] "GET / HTTP/1.1" 200 815 "-" "Mozilla/5.0 (compatible; YandexBot/3.0; +http://yandex.com/bots)"
37.9.113.186 - - [12/May/2019:17:35:28 +0200] "GET /robots.txt HTTP/1.1" 404 512 "-" "Mozilla/5.0 (compatible; YandexBot/3.0; +http://yandex.com/bots)"
37.9.113.134 - - [12/May/2019:17:35:32 +0200] "GET / HTTP/1.1" 200 815 "-" "Mozilla/5.0 (compatible; YandexBot/3.0; +http://yandex.com/bots)"
37.9.113.186 - - [16/May/2019:03:15:54 +0200] "GET /robots.txt HTTP/1.1" 404 512 "-" "Mozilla/5.0 (compatible; YandexBot/3.0; +http://yandex.com/bots)"
37.9.113.134 - - [16/May/2019:03:15:58 +0200] "GET / HTTP/1.1" 200 814 "-" "Mozilla/5.0 (compatible; YandexBot/3.0; +http://yandex.com/bots)"
209.17.97.106 - - [18/May/2019:01:36:51 +0200] "GET / HTTP/1.1" 200 1277 "-" "Mozilla/5.0 (compatible; Nimbostratus-Bot/v1.3.2; http://cloudsystemnetworks.com)"
93.158.166.7 - - [18/May/2019:19:28:31 +0200] "GET /robots.txt HTTP/1.1" 404 512 "-" "Mozilla/5.0 (compatible; YandexBot/3.0; +http://yandex.com/bots)"
37.9.113.134 - - [18/May/2019:19:28:35 +0200] "GET / HTTP/1.1" 200 815 "-" "Mozilla/5.0 (compatible; YandexBot/3.0; +http://yandex.com/bots)"
178.154.171.34 - - [20/May/2019:04:34:21 +0200] "GET /robots.txt HTTP/1.1" 404 512 "-" "Mozilla/5.0 (compatible; YandexBot/3.0; +http://yandex.com/bots)"
5.45.207.25 - - [20/May/2019:04:34:25 +0200] "GET / HTTP/1.1" 200 815 "-" "Mozilla/5.0 (compatible; YandexBot/3.0; +http://yandex.com/bots)"
209.17.97.74 - - [22/May/2019:12:19:49 +0200] "GET / HTTP/1.1" 200 1277 "-" "Mozilla/5.0 (compatible; Nimbostratus-Bot/v1.3.2; http://cloudsystemnetworks.com)"
5.255.253.21 - - [22/May/2019:13:31:04 +0200] "GET /robots.txt HTTP/1.1" 404 512 "-" "Mozilla/5.0 (compatible; YandexBot/3.0; +http://yandex.com/bots)"
141.8.142.4 - - [22/May/2019:13:31:08 +0200] "GET / HTTP/1.1" 200 815 "-" "Mozilla/5.0 (compatible; YandexBot/3.0; +http://yandex.com/bots)"
141.8.142.26 - - [24/May/2019:04:34:54 +0200] "GET /robots.txt HTTP/1.1" 404 512 "-" "Mozilla/5.0 (compatible; YandexBot/3.0; +http://yandex.com/bots)"
37.9.113.134 - - [24/May/2019:04:34:58 +0200] "GET / HTTP/1.1" 200 814 "-" "Mozilla/5.0 (compatible; YandexBot/3.0; +http://yandex.com/bots)"
141.8.142.26 - - [26/May/2019:23:19:37 +0200] "GET /robots.txt HTTP/1.1" 404 512 "-" "Mozilla/5.0 (compatible; YandexBot/3.0; +http://yandex.com/bots)"
37.9.113.134 - - [26/May/2019:23:19:41 +0200] "GET / HTTP/1.1" 200 814 "-" "Mozilla/5.0 (compatible; YandexBot/3.0; +http://yandex.com/bots)"
141.8.142.148 - - [29/May/2019:00:07:06 +0200] "GET /robots.txt HTTP/1.1" 404 512 "-" "Mozilla/5.0 (compatible; YandexBot/3.0; +http://yandex.com/bots)"
5.45.207.87 - - [29/May/2019:00:07:10 +0200] "GET / HTTP/1.1" 200 815 "-" "Mozilla/5.0 (compatible; YandexBot/3.0; +http://yandex.com/bots)"
5.164.130.193 - - [31/May/2019:11:40:24 +0200] "GET / HTTP/1.1" 200 815 "https://yandex.ru/clck/jsredir?from=yandex.ru%3Bsearch%3Bweb%3B%3B&text=&etext=2170.-cC_fdEWlS0lXLMp2gO3USTm7kzayKHIpH-zO3kn6-l7TAhdix2J8Zl71RnCKpDj.f4390da9fcc076e11f1d094b61ac36ed827d0be1&uuid=&state=_BLhILn4SxNIvvL0W45KSic66uCIg23qh8iRG98qeIXmeppkgUc0YG-XUIUpxKrkaoPisARVvB8&data=UlNrNmk5WktYejR0eWJFYk1Ldmtxc0dQMzJsZVBOanZJeEtJTjhQbVZJYkxUclNVSjJPVi1SQ0hRdnNIN3FCVWpCNS0wTzZhY0NTNTFKdTc4U3JPVXZXQ3RwbjBZaEhZRk5GZXdIZE5DTkk&b64e=2&sign=974c4064980ab02d5101cf22f1279e9b&keyno=0&cst=AiuY0DBWFJ7IXge4WdYJQYuwSQLovbTTdAM21yZ6SdxbJyQ0F4DkgLgU5Li_dRMzC5EEOQf2EKfCpdetV6889QbvP_tn4jUyRvS4DvHNz0DFyuYyXq3kwim0vx4BbSoPpThElU62zXqUgefbE4WlC2Nju4O2NC-f&ref=orjY4mGPRjk5boDnW0uvlrrd71vZw9kp5uQozpMtKCV-HtQ36UFK07pFC2b4k8DrNBrrlJP89TRO2Qmps4a5LAeTmvmTRveMnXbSZb9ITTyijUBZjtAzEJWXe0tL5Jba&l10n=ru&cts=1559291627887&mc=6.36705629185" "Mozilla/5.0 (compatible; MSIE 10.0; Windows NT 6.2; Trident/6.0; MASPJS)"
5.164.130.193 - - [31/May/2019:11:40:24 +0200] "GET /css/chunk-vendors.828cfb52.css HTTP/1.1" 200 21325 "http://vue-practice.givik.ru/" "Mozilla/5.0 (compatible; MSIE 10.0; Windows NT 6.2; Trident/6.0; MASPJS)"
5.164.130.193 - - [31/May/2019:11:40:24 +0200] "GET /css/app.f524aa4a.css HTTP/1.1" 200 527 "http://vue-practice.givik.ru/" "Mozilla/5.0 (compatible; MSIE 10.0; Windows NT 6.2; Trident/6.0; MASPJS)"
5.164.130.193 - - [31/May/2019:11:40:24 +0200] "GET /js/app.cea019e5.js HTTP/1.1" 200 7833 "http://vue-practice.givik.ru/" "Mozilla/5.0 (compatible; MSIE 10.0; Windows NT 6.2; Trident/6.0; MASPJS)"
5.164.130.193 - - [31/May/2019:11:40:24 +0200] "GET /js/chunk-vendors.98270962.js HTTP/1.1" 200 216863 "http://vue-practice.givik.ru/" "Mozilla/5.0 (compatible; MSIE 10.0; Windows NT 6.2; Trident/6.0; MASPJS)"
141.8.142.26 - - [02/Jun/2019:17:06:06 +0200] "GET /robots.txt HTTP/1.1" 404 512 "-" "Mozilla/5.0 (compatible; YandexBot/3.0; +http://yandex.com/bots)"
37.9.113.134 - - [02/Jun/2019:17:06:10 +0200] "GET / HTTP/1.1" 200 814 "-" "Mozilla/5.0 (compatible; YandexBot/3.0; +http://yandex.com/bots)"
37.9.113.134 - - [03/Jun/2019:13:26:28 +0200] "GET /robots.txt HTTP/1.1" 404 511 "-" "Mozilla/5.0 (compatible; YandexBot/3.0; +http://yandex.com/bots)"
141.8.142.26 - - [03/Jun/2019:13:26:31 +0200] "GET / HTTP/1.1" 200 814 "-" "Mozilla/5.0 (compatible; YandexBot/3.0; +http://yandex.com/bots)"
37.9.113.134 - - [05/Jun/2019:19:41:16 +0200] "GET /robots.txt HTTP/1.1" 404 512 "-" "Mozilla/5.0 (compatible; YandexBot/3.0; +http://yandex.com/bots)"
37.9.113.134 - - [05/Jun/2019:19:41:20 +0200] "GET / HTTP/1.1" 200 814 "-" "Mozilla/5.0 (compatible; YandexBot/3.0; +http://yandex.com/bots)"
37.9.113.134 - - [06/Jun/2019:13:35:05 +0200] "GET /robots.txt HTTP/1.1" 404 512 "-" "Mozilla/5.0 (compatible; YandexBot/3.0; +http://yandex.com/bots)"
37.9.113.134 - - [06/Jun/2019:13:35:09 +0200] "GET / HTTP/1.1" 200 814 "-" "Mozilla/5.0 (compatible; YandexBot/3.0; +http://yandex.com/bots)"
209.17.97.34 - - [06/Jun/2019:18:26:30 +0200] "GET / HTTP/1.1" 200 1277 "-" "Mozilla/5.0 (compatible; Nimbostratus-Bot/v1.3.2; http://cloudsystemnetworks.com)"
37.9.113.134 - - [07/Jun/2019:09:34:17 +0200] "GET /robots.txt HTTP/1.1" 404 512 "-" "Mozilla/5.0 (compatible; YandexBot/3.0; +http://yandex.com/bots)"
37.9.113.134 - - [07/Jun/2019:09:34:21 +0200] "GET / HTTP/1.1" 200 814 "-" "Mozilla/5.0 (compatible; YandexBot/3.0; +http://yandex.com/bots)"
37.9.113.134 - - [08/Jun/2019:15:36:44 +0200] "GET /robots.txt HTTP/1.1" 404 511 "-" "Mozilla/5.0 (compatible; YandexBot/3.0; +http://yandex.com/bots)"
37.9.113.186 - - [08/Jun/2019:15:36:48 +0200] "GET / HTTP/1.1" 200 815 "-" "Mozilla/5.0 (compatible; YandexBot/3.0; +http://yandex.com/bots)"
87.250.224.71 - - [09/Jun/2019:04:28:04 +0200] "GET /robots.txt HTTP/1.1" 404 512 "-" "Mozilla/5.0 (compatible; YandexBot/3.0; +http://yandex.com/bots)"
141.8.142.26 - - [09/Jun/2019:04:28:08 +0200] "GET / HTTP/1.1" 200 814 "-" "Mozilla/5.0 (compatible; YandexBot/3.0; +http://yandex.com/bots)"
5.255.253.21 - - [09/Jun/2019:16:49:12 +0200] "GET /robots.txt HTTP/1.1" 404 512 "-" "Mozilla/5.0 (compatible; YandexBot/3.0; +http://yandex.com/bots)"
37.9.113.134 - - [09/Jun/2019:16:49:16 +0200] "GET / HTTP/1.1" 200 814 "-" "Mozilla/5.0 (compatible; YandexBot/3.0; +http://yandex.com/bots)"
37.9.113.186 - - [10/Jun/2019:02:45:24 +0200] "GET /robots.txt HTTP/1.1" 404 512 "-" "Mozilla/5.0 (compatible; YandexBot/3.0; +http://yandex.com/bots)"
37.9.113.134 - - [10/Jun/2019:02:45:28 +0200] "GET / HTTP/1.1" 200 815 "-" "Mozilla/5.0 (compatible; YandexBot/3.0; +http://yandex.com/bots)"
37.9.113.134 - - [10/Jun/2019:15:25:28 +0200] "GET /robots.txt HTTP/1.1" 404 512 "-" "Mozilla/5.0 (compatible; YandexBot/3.0; +http://yandex.com/bots)"
37.9.113.134 - - [10/Jun/2019:15:25:31 +0200] "GET / HTTP/1.1" 200 814 "-" "Mozilla/5.0 (compatible; YandexBot/3.0; +http://yandex.com/bots)"
209.17.97.98 - - [12/Jun/2019:16:42:18 +0200] "GET / HTTP/1.1" 200 1277 "-" "Mozilla/5.0 (compatible; Nimbostratus-Bot/v1.3.2; http://cloudsystemnetworks.com)"
37.9.113.134 - - [24/Jun/2019:06:51:28 +0200] "GET /robots.txt HTTP/1.1" 404 512 "-" "Mozilla/5.0 (compatible; YandexBot/3.0; +http://yandex.com/bots)"
37.9.113.134 - - [24/Jun/2019:06:51:32 +0200] "GET / HTTP/1.1" 200 814 "-" "Mozilla/5.0 (compatible; YandexBot/3.0; +http://yandex.com/bots)"
37.9.113.134 - - [04/Jul/2019:08:32:30 +0200] "GET /robots.txt HTTP/1.1" 404 512 "-" "Mozilla/5.0 (compatible; YandexBot/3.0; +http://yandex.com/bots)"
37.9.113.134 - - [04/Jul/2019:08:32:34 +0200] "GET / HTTP/1.1" 200 814 "-" "Mozilla/5.0 (compatible; YandexBot/3.0; +http://yandex.com/bots)"
